[    4855ms] [INFO] %cDownload the React DevTools for a better development experience: https://reactjs.org/link/react-devtools font-weight:bold @ webpack-internal:///(app-pages-browser)/./node_modules/next/dist/compiled/react-dom/cjs/react-dom.development.js:38559
[    4904ms] [WARNING] Image with src "/images/verification-house.png" was detected as the Largest Contentful Paint (LCP). Please add the "priority" property if this image is above the fold.
Read more: https://nextjs.org/docs/api-reference/next/image#priority @ webpack-internal:///(app-pages-browser)/./node_modules/next/dist/shared/lib/utils/warn-once.js:15
[   86906ms] [LOG] [Fast Refresh] rebuilding @ webpack-internal:///(app-pages-browser)/./node_modules/next/dist/client/components/react-dev-overlay/app/hot-reloader-client.js:186
[   87318ms] [LOG] [Fast Refresh] done in 413ms @ webpack-internal:///(app-pages-browser)/./node_modules/next/dist/client/components/react-dev-overlay/app/hot-reloader-client.js:43
[   87371ms] [LOG] [Fast Refresh] done in 467ms @ webpack-internal:///(app-pages-browser)/./node_modules/next/dist/client/components/react-dev-overlay/app/hot-reloader-client.js:43
[   99902ms] [LOG] [Fast Refresh] rebuilding @ webpack-internal:///(app-pages-browser)/./node_modules/next/dist/client/components/react-dev-overlay/app/hot-reloader-client.js:186
[  100142ms] [LOG] [Fast Refresh] done in 240ms @ webpack-internal:///(app-pages-browser)/./node_modules/next/dist/client/components/react-dev-overlay/app/hot-reloader-client.js:43
[  100201ms] Error: MessageCircle is not defined
    at ListingScreen (webpack-internal:///(rsc)/./src/components/app-screens/ListingScreen.tsx:405:109)
    at eC (/Users/romanmensikov/basteestate/project/node_modules/next/dist/compiled/next-server/app-page.runtime.dev.js:35:265189)
    at e (/Users/romanmensikov/basteestate/project/node_modules/next/dist/compiled/next-server/app-page.runtime.dev.js:35:269321)
    at eL (/Users/romanmensikov/basteestate/project/node_modules/next/dist/compiled/next-server/app-page.runtime.dev.js:35:269809)
    at eJ (/Users/romanmensikov/basteestate/project/node_modules/next/dist/compiled/next-server/app-page.runtime.dev.js:35:275773)
    at eR (/Users/romanmensikov/basteestate/project/node_modules/next/dist/compiled/next-server/app-page.runtime.dev.js:35:266017)
    at eC (/Users/romanmensikov/basteestate/project/node_modules/next/dist/compiled/next-server/app-page.runtime.dev.js:35:265059)
    at e (/Users/romanmensikov/basteestate/project/node_modules/next/dist/compiled/next-server/app-page.runtime.dev.js:35:269321)
    at eL (/Users/romanmensikov/basteestate/project/node_modules/next/dist/compiled/next-server/app-page.runtime.dev.js:35:269809)
    at /Users/romanmensikov/basteestate/project/node_modules/next/dist/compiled/next-server/app-page.runtime.dev.js:35:267040
    at Array.toJSON (/Users/romanmensikov/basteestate/project/node_modules/next/dist/compiled/next-server/app-page.runtime.dev.js:35:267504)
    at stringify (<anonymous>)
    at eJ (/Users/romanmensikov/basteestate/project/node_modules/next/dist/compiled/next-server/app-page.runtime.dev.js:35:275872)
    at eR (/Users/romanmensikov/basteestate/project/node_modules/next/dist/compiled/next-server/app-page.runtime.dev.js:35:266017)
    at eC (/Users/romanmensikov/basteestate/project/node_modules/next/dist/compiled/next-server/app-page.runtime.dev.js:35:265059)
    at e (/Users/romanmensikov/basteestate/project/node_modules/next/dist/compiled/next-server/app-page.runtime.dev.js:35:269321)
    at eL (/Users/romanmensikov/basteestate/project/node_modules/next/dist/compiled/next-server/app-page.runtime.dev.js:35:269809)
    at /Users/romanmensikov/basteestate/project/node_modules/next/dist/compiled/next-server/app-page.runtime.dev.js:35:267040
    at Array.toJSON (/Users/romanmensikov/basteestate/project/node_modules/next/dist/compiled/next-server/app-page.runtime.dev.js:35:267504)
    at stringify (<anonymous>)
    at eJ (/Users/romanmensikov/basteestate/project/node_modules/next/dist/compiled/next-server/app-page.runtime.dev.js:35:275872)
    at eV (/Users/romanmensikov/basteestate/project/node_modules/next/dist/compiled/next-server/app-page.runtime.dev.js:35:276390)
    at AsyncLocalStorage.run (node:internal/async_local_storage/async_hooks:91:14)
    at Timeout._onTimeout (/Users/romanmensikov/basteestate/project/node_modules/next/dist/compiled/next-server/app-page.runtime.dev.js:35:284753)
    at listOnTimeout (node:internal/timers:585:17)
    at process.processTimers (node:internal/timers:521:7)
[  100204ms] Error: MessageCircle is not defined
    at ListingScreen (webpack-internal:///(rsc)/./src/components/app-screens/ListingScreen.tsx:405:109)
    at eC (/Users/romanmensikov/basteestate/project/node_modules/next/dist/compiled/next-server/app-page.runtime.dev.js:35:265189)
    at e (/Users/romanmensikov/basteestate/project/node_modules/next/dist/compiled/next-server/app-page.runtime.dev.js:35:269321)
    at eL (/Users/romanmensikov/basteestate/project/node_modules/next/dist/compiled/next-server/app-page.runtime.dev.js:35:269809)
    at eJ (/Users/romanmensikov/basteestate/project/node_modules/next/dist/compiled/next-server/app-page.runtime.dev.js:35:275773)
    at eR (/Users/romanmensikov/basteestate/project/node_modules/next/dist/compiled/next-server/app-page.runtime.dev.js:35:266017)
    at eC (/Users/romanmensikov/basteestate/project/node_modules/next/dist/compiled/next-server/app-page.runtime.dev.js:35:265059)
    at e (/Users/romanmensikov/basteestate/project/node_modules/next/dist/compiled/next-server/app-page.runtime.dev.js:35:269321)
    at eL (/Users/romanmensikov/basteestate/project/node_modules/next/dist/compiled/next-server/app-page.runtime.dev.js:35:269809)
    at /Users/romanmensikov/basteestate/project/node_modules/next/dist/compiled/next-server/app-page.runtime.dev.js:35:267040
    at Array.toJSON (/Users/romanmensikov/basteestate/project/node_modules/next/dist/compiled/next-server/app-page.runtime.dev.js:35:267504)
    at stringify (<anonymous>)
    at eJ (/Users/romanmensikov/basteestate/project/node_modules/next/dist/compiled/next-server/app-page.runtime.dev.js:35:275872)
    at eR (/Users/romanmensikov/basteestate/project/node_modules/next/dist/compiled/next-server/app-page.runtime.dev.js:35:266017)
    at eC (/Users/romanmensikov/basteestate/project/node_modules/next/dist/compiled/next-server/app-page.runtime.dev.js:35:265059)
    at e (/Users/romanmensikov/basteestate/project/node_modules/next/dist/compiled/next-server/app-page.runtime.dev.js:35:269321)
    at eL (/Users/romanmensikov/basteestate/project/node_modules/next/dist/compiled/next-server/app-page.runtime.dev.js:35:269809)
    at /Users/romanmensikov/basteestate/project/node_modules/next/dist/compiled/next-server/app-page.runtime.dev.js:35:267040
    at Array.toJSON (/Users/romanmensikov/basteestate/project/node_modules/next/dist/compiled/next-server/app-page.runtime.dev.js:35:267504)
    at stringify (<anonymous>)
    at eJ (/Users/romanmensikov/basteestate/project/node_modules/next/dist/compiled/next-server/app-page.runtime.dev.js:35:275872)
    at eV (/Users/romanmensikov/basteestate/project/node_modules/next/dist/compiled/next-server/app-page.runtime.dev.js:35:276390)
    at AsyncLocalStorage.run (node:internal/async_local_storage/async_hooks:91:14)
    at Timeout._onTimeout (/Users/romanmensikov/basteestate/project/node_modules/next/dist/compiled/next-server/app-page.runtime.dev.js:35:284753)
    at listOnTimeout (node:internal/timers:585:17)
    at process.processTimers (node:internal/timers:521:7)
[  100205ms] Error: MessageCircle is not defined
    at ListingScreen (webpack-internal:///(rsc)/./src/components/app-screens/ListingScreen.tsx:405:109)
    at eC (/Users/romanmensikov/basteestate/project/node_modules/next/dist/compiled/next-server/app-page.runtime.dev.js:35:265189)
    at e (/Users/romanmensikov/basteestate/project/node_modules/next/dist/compiled/next-server/app-page.runtime.dev.js:35:269321)
    at eL (/Users/romanmensikov/basteestate/project/node_modules/next/dist/compiled/next-server/app-page.runtime.dev.js:35:269809)
    at eJ (/Users/romanmensikov/basteestate/project/node_modules/next/dist/compiled/next-server/app-page.runtime.dev.js:35:275773)
    at eR (/Users/romanmensikov/basteestate/project/node_modules/next/dist/compiled/next-server/app-page.runtime.dev.js:35:266017)
    at eC (/Users/romanmensikov/basteestate/project/node_modules/next/dist/compiled/next-server/app-page.runtime.dev.js:35:265059)
    at e (/Users/romanmensikov/basteestate/project/node_modules/next/dist/compiled/next-server/app-page.runtime.dev.js:35:269321)
    at eL (/Users/romanmensikov/basteestate/project/node_modules/next/dist/compiled/next-server/app-page.runtime.dev.js:35:269809)
    at /Users/romanmensikov/basteestate/project/node_modules/next/dist/compiled/next-server/app-page.runtime.dev.js:35:267040
    at Array.toJSON (/Users/romanmensikov/basteestate/project/node_modules/next/dist/compiled/next-server/app-page.runtime.dev.js:35:267504)
    at stringify (<anonymous>)
    at eJ (/Users/romanmensikov/basteestate/project/node_modules/next/dist/compiled/next-server/app-page.runtime.dev.js:35:275872)
    at eR (/Users/romanmensikov/basteestate/project/node_modules/next/dist/compiled/next-server/app-page.runtime.dev.js:35:266017)
    at eC (/Users/romanmensikov/basteestate/project/node_modules/next/dist/compiled/next-server/app-page.runtime.dev.js:35:265059)
    at e (/Users/romanmensikov/basteestate/project/node_modules/next/dist/compiled/next-server/app-page.runtime.dev.js:35:269321)
    at eL (/Users/romanmensikov/basteestate/project/node_modules/next/dist/compiled/next-server/app-page.runtime.dev.js:35:269809)
    at /Users/romanmensikov/basteestate/project/node_modules/next/dist/compiled/next-server/app-page.runtime.dev.js:35:267040
    at Array.toJSON (/Users/romanmensikov/basteestate/project/node_modules/next/dist/compiled/next-server/app-page.runtime.dev.js:35:267504)
    at stringify (<anonymous>)
    at eJ (/Users/romanmensikov/basteestate/project/node_modules/next/dist/compiled/next-server/app-page.runtime.dev.js:35:275872)
    at eV (/Users/romanmensikov/basteestate/project/node_modules/next/dist/compiled/next-server/app-page.runtime.dev.js:35:276390)
    at AsyncLocalStorage.run (node:internal/async_local_storage/async_hooks:91:14)
    at Timeout._onTimeout (/Users/romanmensikov/basteestate/project/node_modules/next/dist/compiled/next-server/app-page.runtime.dev.js:35:284753)
    at listOnTimeout (node:internal/timers:585:17)
    at process.processTimers (node:internal/timers:521:7)
[  100206ms] Error: MessageCircle is not defined
    at ListingScreen (webpack-internal:///(rsc)/./src/components/app-screens/ListingScreen.tsx:405:109)
    at eC (/Users/romanmensikov/basteestate/project/node_modules/next/dist/compiled/next-server/app-page.runtime.dev.js:35:265189)
    at e (/Users/romanmensikov/basteestate/project/node_modules/next/dist/compiled/next-server/app-page.runtime.dev.js:35:269321)
    at eL (/Users/romanmensikov/basteestate/project/node_modules/next/dist/compiled/next-server/app-page.runtime.dev.js:35:269809)
    at eJ (/Users/romanmensikov/basteestate/project/node_modules/next/dist/compiled/next-server/app-page.runtime.dev.js:35:275773)
    at eR (/Users/romanmensikov/basteestate/project/node_modules/next/dist/compiled/next-server/app-page.runtime.dev.js:35:266017)
    at eC (/Users/romanmensikov/basteestate/project/node_modules/next/dist/compiled/next-server/app-page.runtime.dev.js:35:265059)
    at e (/Users/romanmensikov/basteestate/project/node_modules/next/dist/compiled/next-server/app-page.runtime.dev.js:35:269321)
    at eL (/Users/romanmensikov/basteestate/project/node_modules/next/dist/compiled/next-server/app-page.runtime.dev.js:35:269809)
    at /Users/romanmensikov/basteestate/project/node_modules/next/dist/compiled/next-server/app-page.runtime.dev.js:35:267040
    at Array.toJSON (/Users/romanmensikov/basteestate/project/node_modules/next/dist/compiled/next-server/app-page.runtime.dev.js:35:267504)
    at stringify (<anonymous>)
    at eJ (/Users/romanmensikov/basteestate/project/node_modules/next/dist/compiled/next-server/app-page.runtime.dev.js:35:275872)
    at eR (/Users/romanmensikov/basteestate/project/node_modules/next/dist/compiled/next-server/app-page.runtime.dev.js:35:266017)
    at eC (/Users/romanmensikov/basteestate/project/node_modules/next/dist/compiled/next-server/app-page.runtime.dev.js:35:265059)
    at e (/Users/romanmensikov/basteestate/project/node_modules/next/dist/compiled/next-server/app-page.runtime.dev.js:35:269321)
    at eL (/Users/romanmensikov/basteestate/project/node_modules/next/dist/compiled/next-server/app-page.runtime.dev.js:35:269809)
    at /Users/romanmensikov/basteestate/project/node_modules/next/dist/compiled/next-server/app-page.runtime.dev.js:35:267040
    at Array.toJSON (/Users/romanmensikov/basteestate/project/node_modules/next/dist/compiled/next-server/app-page.runtime.dev.js:35:267504)
    at stringify (<anonymous>)
    at eJ (/Users/romanmensikov/basteestate/project/node_modules/next/dist/compiled/next-server/app-page.runtime.dev.js:35:275872)
    at eV (/Users/romanmensikov/basteestate/project/node_modules/next/dist/compiled/next-server/app-page.runtime.dev.js:35:276390)
    at AsyncLocalStorage.run (node:internal/async_local_storage/async_hooks:91:14)
    at Timeout._onTimeout (/Users/romanmensikov/basteestate/project/node_modules/next/dist/compiled/next-server/app-page.runtime.dev.js:35:284753)
    at listOnTimeout (node:internal/timers:585:17)
    at process.processTimers (node:internal/timers:521:7)
[  100206ms] Error: MessageCircle is not defined
    at ListingScreen (webpack-internal:///(rsc)/./src/components/app-screens/ListingScreen.tsx:405:109)
    at eC (/Users/romanmensikov/basteestate/project/node_modules/next/dist/compiled/next-server/app-page.runtime.dev.js:35:265189)
    at e (/Users/romanmensikov/basteestate/project/node_modules/next/dist/compiled/next-server/app-page.runtime.dev.js:35:269321)
    at eL (/Users/romanmensikov/basteestate/project/node_modules/next/dist/compiled/next-server/app-page.runtime.dev.js:35:269809)
    at eJ (/Users/romanmensikov/basteestate/project/node_modules/next/dist/compiled/next-server/app-page.runtime.dev.js:35:275773)
    at eR (/Users/romanmensikov/basteestate/project/node_modules/next/dist/compiled/next-server/app-page.runtime.dev.js:35:266017)
    at eC (/Users/romanmensikov/basteestate/project/node_modules/next/dist/compiled/next-server/app-page.runtime.dev.js:35:265059)
    at e (/Users/romanmensikov/basteestate/project/node_modules/next/dist/compiled/next-server/app-page.runtime.dev.js:35:269321)
    at eL (/Users/romanmensikov/basteestate/project/node_modules/next/dist/compiled/next-server/app-page.runtime.dev.js:35:269809)
    at /Users/romanmensikov/basteestate/project/node_modules/next/dist/compiled/next-server/app-page.runtime.dev.js:35:267040
    at Array.toJSON (/Users/romanmensikov/basteestate/project/node_modules/next/dist/compiled/next-server/app-page.runtime.dev.js:35:267504)
    at stringify (<anonymous>)
    at eJ (/Users/romanmensikov/basteestate/project/node_modules/next/dist/compiled/next-server/app-page.runtime.dev.js:35:275872)
    at eR (/Users/romanmensikov/basteestate/project/node_modules/next/dist/compiled/next-server/app-page.runtime.dev.js:35:266017)
    at eC (/Users/romanmensikov/basteestate/project/node_modules/next/dist/compiled/next-server/app-page.runtime.dev.js:35:265059)
    at e (/Users/romanmensikov/basteestate/project/node_modules/next/dist/compiled/next-server/app-page.runtime.dev.js:35:269321)
    at eL (/Users/romanmensikov/basteestate/project/node_modules/next/dist/compiled/next-server/app-page.runtime.dev.js:35:269809)
    at /Users/romanmensikov/basteestate/project/node_modules/next/dist/compiled/next-server/app-page.runtime.dev.js:35:267040
    at Array.toJSON (/Users/romanmensikov/basteestate/project/node_modules/next/dist/compiled/next-server/app-page.runtime.dev.js:35:267504)
    at stringify (<anonymous>)
    at eJ (/Users/romanmensikov/basteestate/project/node_modules/next/dist/compiled/next-server/app-page.runtime.dev.js:35:275872)
    at eV (/Users/romanmensikov/basteestate/project/node_modules/next/dist/compiled/next-server/app-page.runtime.dev.js:35:276390)
    at AsyncLocalStorage.run (node:internal/async_local_storage/async_hooks:91:14)
    at Timeout._onTimeout (/Users/romanmensikov/basteestate/project/node_modules/next/dist/compiled/next-server/app-page.runtime.dev.js:35:284753)
    at listOnTimeout (node:internal/timers:585:17)
    at process.processTimers (node:internal/timers:521:7)
[  100206ms] Error: MessageCircle is not defined
    at ListingScreen (webpack-internal:///(rsc)/./src/components/app-screens/ListingScreen.tsx:405:109)
    at eC (/Users/romanmensikov/basteestate/project/node_modules/next/dist/compiled/next-server/app-page.runtime.dev.js:35:265189)
    at e (/Users/romanmensikov/basteestate/project/node_modules/next/dist/compiled/next-server/app-page.runtime.dev.js:35:269321)
    at eL (/Users/romanmensikov/basteestate/project/node_modules/next/dist/compiled/next-server/app-page.runtime.dev.js:35:269809)
    at eJ (/Users/romanmensikov/basteestate/project/node_modules/next/dist/compiled/next-server/app-page.runtime.dev.js:35:275773)
    at eR (/Users/romanmensikov/basteestate/project/node_modules/next/dist/compiled/next-server/app-page.runtime.dev.js:35:266017)
    at eC (/Users/romanmensikov/basteestate/project/node_modules/next/dist/compiled/next-server/app-page.runtime.dev.js:35:265059)
    at e (/Users/romanmensikov/basteestate/project/node_modules/next/dist/compiled/next-server/app-page.runtime.dev.js:35:269321)
    at eL (/Users/romanmensikov/basteestate/project/node_modules/next/dist/compiled/next-server/app-page.runtime.dev.js:35:269809)
    at /Users/romanmensikov/basteestate/project/node_modules/next/dist/compiled/next-server/app-page.runtime.dev.js:35:267040
    at Array.toJSON (/Users/romanmensikov/basteestate/project/node_modules/next/dist/compiled/next-server/app-page.runtime.dev.js:35:267504)
    at stringify (<anonymous>)
    at eJ (/Users/romanmensikov/basteestate/project/node_modules/next/dist/compiled/next-server/app-page.runtime.dev.js:35:275872)
    at eR (/Users/romanmensikov/basteestate/project/node_modules/next/dist/compiled/next-server/app-page.runtime.dev.js:35:266017)
    at eC (/Users/romanmensikov/basteestate/project/node_modules/next/dist/compiled/next-server/app-page.runtime.dev.js:35:265059)
    at e (/Users/romanmensikov/basteestate/project/node_modules/next/dist/compiled/next-server/app-page.runtime.dev.js:35:269321)
    at eL (/Users/romanmensikov/basteestate/project/node_modules/next/dist/compiled/next-server/app-page.runtime.dev.js:35:269809)
    at /Users/romanmensikov/basteestate/project/node_modules/next/dist/compiled/next-server/app-page.runtime.dev.js:35:267040
    at Array.toJSON (/Users/romanmensikov/basteestate/project/node_modules/next/dist/compiled/next-server/app-page.runtime.dev.js:35:267504)
    at stringify (<anonymous>)
    at eJ (/Users/romanmensikov/basteestate/project/node_modules/next/dist/compiled/next-server/app-page.runtime.dev.js:35:275872)
    at eV (/Users/romanmensikov/basteestate/project/node_modules/next/dist/compiled/next-server/app-page.runtime.dev.js:35:276390)
    at AsyncLocalStorage.run (node:internal/async_local_storage/async_hooks:91:14)
    at Timeout._onTimeout (/Users/romanmensikov/basteestate/project/node_modules/next/dist/compiled/next-server/app-page.runtime.dev.js:35:284753)
    at listOnTimeout (node:internal/timers:585:17)
    at process.processTimers (node:internal/timers:521:7)
[  100208ms] Error: MessageCircle is not defined
    at ListingScreen (webpack-internal:///(rsc)/./src/components/app-screens/ListingScreen.tsx:405:109)
    at eC (/Users/romanmensikov/basteestate/project/node_modules/next/dist/compiled/next-server/app-page.runtime.dev.js:35:265189)
    at e (/Users/romanmensikov/basteestate/project/node_modules/next/dist/compiled/next-server/app-page.runtime.dev.js:35:269321)
    at eL (/Users/romanmensikov/basteestate/project/node_modules/next/dist/compiled/next-server/app-page.runtime.dev.js:35:269809)
    at eJ (/Users/romanmensikov/basteestate/project/node_modules/next/dist/compiled/next-server/app-page.runtime.dev.js:35:275773)
    at eR (/Users/romanmensikov/basteestate/project/node_modules/next/dist/compiled/next-server/app-page.runtime.dev.js:35:266017)
    at eC (/Users/romanmensikov/basteestate/project/node_modules/next/dist/compiled/next-server/app-page.runtime.dev.js:35:265059)
    at e (/Users/romanmensikov/basteestate/project/node_modules/next/dist/compiled/next-server/app-page.runtime.dev.js:35:269321)
    at eL (/Users/romanmensikov/basteestate/project/node_modules/next/dist/compiled/next-server/app-page.runtime.dev.js:35:269809)
    at /Users/romanmensikov/basteestate/project/node_modules/next/dist/compiled/next-server/app-page.runtime.dev.js:35:267040
    at Array.toJSON (/Users/romanmensikov/basteestate/project/node_modules/next/dist/compiled/next-server/app-page.runtime.dev.js:35:267504)
    at stringify (<anonymous>)
    at eJ (/Users/romanmensikov/basteestate/project/node_modules/next/dist/compiled/next-server/app-page.runtime.dev.js:35:275872)
    at eR (/Users/romanmensikov/basteestate/project/node_modules/next/dist/compiled/next-server/app-page.runtime.dev.js:35:266017)
    at eC (/Users/romanmensikov/basteestate/project/node_modules/next/dist/compiled/next-server/app-page.runtime.dev.js:35:265059)
    at e (/Users/romanmensikov/basteestate/project/node_modules/next/dist/compiled/next-server/app-page.runtime.dev.js:35:269321)
    at eL (/Users/romanmensikov/basteestate/project/node_modules/next/dist/compiled/next-server/app-page.runtime.dev.js:35:269809)
    at /Users/romanmensikov/basteestate/project/node_modules/next/dist/compiled/next-server/app-page.runtime.dev.js:35:267040
    at Array.toJSON (/Users/romanmensikov/basteestate/project/node_modules/next/dist/compiled/next-server/app-page.runtime.dev.js:35:267504)
    at stringify (<anonymous>)
    at eJ (/Users/romanmensikov/basteestate/project/node_modules/next/dist/compiled/next-server/app-page.runtime.dev.js:35:275872)
    at eV (/Users/romanmensikov/basteestate/project/node_modules/next/dist/compiled/next-server/app-page.runtime.dev.js:35:276390)
    at AsyncLocalStorage.run (node:internal/async_local_storage/async_hooks:91:14)
    at Timeout._onTimeout (/Users/romanmensikov/basteestate/project/node_modules/next/dist/compiled/next-server/app-page.runtime.dev.js:35:284753)
    at listOnTimeout (node:internal/timers:585:17)
    at process.processTimers (node:internal/timers:521:7)
[  100208ms] Error: MessageCircle is not defined
    at ListingScreen (webpack-internal:///(rsc)/./src/components/app-screens/ListingScreen.tsx:405:109)
    at eC (/Users/romanmensikov/basteestate/project/node_modules/next/dist/compiled/next-server/app-page.runtime.dev.js:35:265189)
    at e (/Users/romanmensikov/basteestate/project/node_modules/next/dist/compiled/next-server/app-page.runtime.dev.js:35:269321)
    at eL (/Users/romanmensikov/basteestate/project/node_modules/next/dist/compiled/next-server/app-page.runtime.dev.js:35:269809)
    at eJ (/Users/romanmensikov/basteestate/project/node_modules/next/dist/compiled/next-server/app-page.runtime.dev.js:35:275773)
    at eR (/Users/romanmensikov/basteestate/project/node_modules/next/dist/compiled/next-server/app-page.runtime.dev.js:35:266017)
    at eC (/Users/romanmensikov/basteestate/project/node_modules/next/dist/compiled/next-server/app-page.runtime.dev.js:35:265059)
    at e (/Users/romanmensikov/basteestate/project/node_modules/next/dist/compiled/next-server/app-page.runtime.dev.js:35:269321)
    at eL (/Users/romanmensikov/basteestate/project/node_modules/next/dist/compiled/next-server/app-page.runtime.dev.js:35:269809)
    at /Users/romanmensikov/basteestate/project/node_modules/next/dist/compiled/next-server/app-page.runtime.dev.js:35:267040
    at Array.toJSON (/Users/romanmensikov/basteestate/project/node_modules/next/dist/compiled/next-server/app-page.runtime.dev.js:35:267504)
    at stringify (<anonymous>)
    at eJ (/Users/romanmensikov/basteestate/project/node_modules/next/dist/compiled/next-server/app-page.runtime.dev.js:35:275872)
    at eR (/Users/romanmensikov/basteestate/project/node_modules/next/dist/compiled/next-server/app-page.runtime.dev.js:35:266017)
    at eC (/Users/romanmensikov/basteestate/project/node_modules/next/dist/compiled/next-server/app-page.runtime.dev.js:35:265059)
    at e (/Users/romanmensikov/basteestate/project/node_modules/next/dist/compiled/next-server/app-page.runtime.dev.js:35:269321)
    at eL (/Users/romanmensikov/basteestate/project/node_modules/next/dist/compiled/next-server/app-page.runtime.dev.js:35:269809)
    at /Users/romanmensikov/basteestate/project/node_modules/next/dist/compiled/next-server/app-page.runtime.dev.js:35:267040
    at Array.toJSON (/Users/romanmensikov/basteestate/project/node_modules/next/dist/compiled/next-server/app-page.runtime.dev.js:35:267504)
    at stringify (<anonymous>)
    at eJ (/Users/romanmensikov/basteestate/project/node_modules/next/dist/compiled/next-server/app-page.runtime.dev.js:35:275872)
    at eV (/Users/romanmensikov/basteestate/project/node_modules/next/dist/compiled/next-server/app-page.runtime.dev.js:35:276390)
    at AsyncLocalStorage.run (node:internal/async_local_storage/async_hooks:91:14)
    at Timeout._onTimeout (/Users/romanmensikov/basteestate/project/node_modules/next/dist/compiled/next-server/app-page.runtime.dev.js:35:284753)
    at listOnTimeout (node:internal/timers:585:17)
    at process.processTimers (node:internal/timers:521:7)
[  100209ms] Error: MessageCircle is not defined
    at ListingScreen (webpack-internal:///(rsc)/./src/components/app-screens/ListingScreen.tsx:405:109)
    at eC (/Users/romanmensikov/basteestate/project/node_modules/next/dist/compiled/next-server/app-page.runtime.dev.js:35:265189)
    at e (/Users/romanmensikov/basteestate/project/node_modules/next/dist/compiled/next-server/app-page.runtime.dev.js:35:269321)
    at eL (/Users/romanmensikov/basteestate/project/node_modules/next/dist/compiled/next-server/app-page.runtime.dev.js:35:269809)
    at eJ (/Users/romanmensikov/basteestate/project/node_modules/next/dist/compiled/next-server/app-page.runtime.dev.js:35:275773)
    at eR (/Users/romanmensikov/basteestate/project/node_modules/next/dist/compiled/next-server/app-page.runtime.dev.js:35:266017)
    at eC (/Users/romanmensikov/basteestate/project/node_modules/next/dist/compiled/next-server/app-page.runtime.dev.js:35:265059)
    at e (/Users/romanmensikov/basteestate/project/node_modules/next/dist/compiled/next-server/app-page.runtime.dev.js:35:269321)
    at eL (/Users/romanmensikov/basteestate/project/node_modules/next/dist/compiled/next-server/app-page.runtime.dev.js:35:269809)
    at /Users/romanmensikov/basteestate/project/node_modules/next/dist/compiled/next-server/app-page.runtime.dev.js:35:267040
    at Array.toJSON (/Users/romanmensikov/basteestate/project/node_modules/next/dist/compiled/next-server/app-page.runtime.dev.js:35:267504)
    at stringify (<anonymous>)
    at eJ (/Users/romanmensikov/basteestate/project/node_modules/next/dist/compiled/next-server/app-page.runtime.dev.js:35:275872)
    at eR (/Users/romanmensikov/basteestate/project/node_modules/next/dist/compiled/next-server/app-page.runtime.dev.js:35:266017)
    at eC (/Users/romanmensikov/basteestate/project/node_modules/next/dist/compiled/next-server/app-page.runtime.dev.js:35:265059)
    at e (/Users/romanmensikov/basteestate/project/node_modules/next/dist/compiled/next-server/app-page.runtime.dev.js:35:269321)
    at eL (/Users/romanmensikov/basteestate/project/node_modules/next/dist/compiled/next-server/app-page.runtime.dev.js:35:269809)
    at /Users/romanmensikov/basteestate/project/node_modules/next/dist/compiled/next-server/app-page.runtime.dev.js:35:267040
    at Array.toJSON (/Users/romanmensikov/basteestate/project/node_modules/next/dist/compiled/next-server/app-page.runtime.dev.js:35:267504)
    at stringify (<anonymous>)
    at eJ (/Users/romanmensikov/basteestate/project/node_modules/next/dist/compiled/next-server/app-page.runtime.dev.js:35:275872)
    at eV (/Users/romanmensikov/basteestate/project/node_modules/next/dist/compiled/next-server/app-page.runtime.dev.js:35:276390)
    at AsyncLocalStorage.run (node:internal/async_local_storage/async_hooks:91:14)
    at Timeout._onTimeout (/Users/romanmensikov/basteestate/project/node_modules/next/dist/compiled/next-server/app-page.runtime.dev.js:35:284753)
    at listOnTimeout (node:internal/timers:585:17)
    at process.processTimers (node:internal/timers:521:7)
[  100209ms] Error: MessageCircle is not defined
    at ListingScreen (webpack-internal:///(rsc)/./src/components/app-screens/ListingScreen.tsx:405:109)
    at eC (/Users/romanmensikov/basteestate/project/node_modules/next/dist/compiled/next-server/app-page.runtime.dev.js:35:265189)
    at e (/Users/romanmensikov/basteestate/project/node_modules/next/dist/compiled/next-server/app-page.runtime.dev.js:35:269321)
    at eL (/Users/romanmensikov/basteestate/project/node_modules/next/dist/compiled/next-server/app-page.runtime.dev.js:35:269809)
    at eJ (/Users/romanmensikov/basteestate/project/node_modules/next/dist/compiled/next-server/app-page.runtime.dev.js:35:275773)
    at eR (/Users/romanmensikov/basteestate/project/node_modules/next/dist/compiled/next-server/app-page.runtime.dev.js:35:266017)
    at eC (/Users/romanmensikov/basteestate/project/node_modules/next/dist/compiled/next-server/app-page.runtime.dev.js:35:265059)
    at e (/Users/romanmensikov/basteestate/project/node_modules/next/dist/compiled/next-server/app-page.runtime.dev.js:35:269321)
    at eL (/Users/romanmensikov/basteestate/project/node_modules/next/dist/compiled/next-server/app-page.runtime.dev.js:35:269809)
    at /Users/romanmensikov/basteestate/project/node_modules/next/dist/compiled/next-server/app-page.runtime.dev.js:35:267040
    at Array.toJSON (/Users/romanmensikov/basteestate/project/node_modules/next/dist/compiled/next-server/app-page.runtime.dev.js:35:267504)
    at stringify (<anonymous>)
    at eJ (/Users/romanmensikov/basteestate/project/node_modules/next/dist/compiled/next-server/app-page.runtime.dev.js:35:275872)
    at eR (/Users/romanmensikov/basteestate/project/node_modules/next/dist/compiled/next-server/app-page.runtime.dev.js:35:266017)
    at eC (/Users/romanmensikov/basteestate/project/node_modules/next/dist/compiled/next-server/app-page.runtime.dev.js:35:265059)
    at e (/Users/romanmensikov/basteestate/project/node_modules/next/dist/compiled/next-server/app-page.runtime.dev.js:35:269321)
    at eL (/Users/romanmensikov/basteestate/project/node_modules/next/dist/compiled/next-server/app-page.runtime.dev.js:35:269809)
    at /Users/romanmensikov/basteestate/project/node_modules/next/dist/compiled/next-server/app-page.runtime.dev.js:35:267040
    at Array.toJSON (/Users/romanmensikov/basteestate/project/node_modules/next/dist/compiled/next-server/app-page.runtime.dev.js:35:267504)
    at stringify (<anonymous>)
    at eJ (/Users/romanmensikov/basteestate/project/node_modules/next/dist/compiled/next-server/app-page.runtime.dev.js:35:275872)
    at eV (/Users/romanmensikov/basteestate/project/node_modules/next/dist/compiled/next-server/app-page.runtime.dev.js:35:276390)
    at AsyncLocalStorage.run (node:internal/async_local_storage/async_hooks:91:14)
    at Timeout._onTimeout (/Users/romanmensikov/basteestate/project/node_modules/next/dist/compiled/next-server/app-page.runtime.dev.js:35:284753)
    at listOnTimeout (node:internal/timers:585:17)
    at process.processTimers (node:internal/timers:521:7)
[  100209ms] Error: MessageCircle is not defined
    at ListingScreen (webpack-internal:///(rsc)/./src/components/app-screens/ListingScreen.tsx:405:109)
    at eC (/Users/romanmensikov/basteestate/project/node_modules/next/dist/compiled/next-server/app-page.runtime.dev.js:35:265189)
    at e (/Users/romanmensikov/basteestate/project/node_modules/next/dist/compiled/next-server/app-page.runtime.dev.js:35:269321)
    at eL (/Users/romanmensikov/basteestate/project/node_modules/next/dist/compiled/next-server/app-page.runtime.dev.js:35:269809)
    at eJ (/Users/romanmensikov/basteestate/project/node_modules/next/dist/compiled/next-server/app-page.runtime.dev.js:35:275773)
    at eR (/Users/romanmensikov/basteestate/project/node_modules/next/dist/compiled/next-server/app-page.runtime.dev.js:35:266017)
    at eC (/Users/romanmensikov/basteestate/project/node_modules/next/dist/compiled/next-server/app-page.runtime.dev.js:35:265059)
    at e (/Users/romanmensikov/basteestate/project/node_modules/next/dist/compiled/next-server/app-page.runtime.dev.js:35:269321)
    at eL (/Users/romanmensikov/basteestate/project/node_modules/next/dist/compiled/next-server/app-page.runtime.dev.js:35:269809)
    at /Users/romanmensikov/basteestate/project/node_modules/next/dist/compiled/next-server/app-page.runtime.dev.js:35:267040
    at Array.toJSON (/Users/romanmensikov/basteestate/project/node_modules/next/dist/compiled/next-server/app-page.runtime.dev.js:35:267504)
    at stringify (<anonymous>)
    at eJ (/Users/romanmensikov/basteestate/project/node_modules/next/dist/compiled/next-server/app-page.runtime.dev.js:35:275872)
    at eR (/Users/romanmensikov/basteestate/project/node_modules/next/dist/compiled/next-server/app-page.runtime.dev.js:35:266017)
    at eC (/Users/romanmensikov/basteestate/project/node_modules/next/dist/compiled/next-server/app-page.runtime.dev.js:35:265059)
    at e (/Users/romanmensikov/basteestate/project/node_modules/next/dist/compiled/next-server/app-page.runtime.dev.js:35:269321)
    at eL (/Users/romanmensikov/basteestate/project/node_modules/next/dist/compiled/next-server/app-page.runtime.dev.js:35:269809)
    at /Users/romanmensikov/basteestate/project/node_modules/next/dist/compiled/next-server/app-page.runtime.dev.js:35:267040
    at Array.toJSON (/Users/romanmensikov/basteestate/project/node_modules/next/dist/compiled/next-server/app-page.runtime.dev.js:35:267504)
    at stringify (<anonymous>)
    at eJ (/Users/romanmensikov/basteestate/project/node_modules/next/dist/compiled/next-server/app-page.runtime.dev.js:35:275872)
    at eV (/Users/romanmensikov/basteestate/project/node_modules/next/dist/compiled/next-server/app-page.runtime.dev.js:35:276390)
    at AsyncLocalStorage.run (node:internal/async_local_storage/async_hooks:91:14)
    at Timeout._onTimeout (/Users/romanmensikov/basteestate/project/node_modules/next/dist/compiled/next-server/app-page.runtime.dev.js:35:284753)
    at listOnTimeout (node:internal/timers:585:17)
    at process.processTimers (node:internal/timers:521:7)
[  100210ms] Error: MessageCircle is not defined
    at ListingScreen (webpack-internal:///(rsc)/./src/components/app-screens/ListingScreen.tsx:405:109)
    at eC (/Users/romanmensikov/basteestate/project/node_modules/next/dist/compiled/next-server/app-page.runtime.dev.js:35:265189)
    at e (/Users/romanmensikov/basteestate/project/node_modules/next/dist/compiled/next-server/app-page.runtime.dev.js:35:269321)
    at eL (/Users/romanmensikov/basteestate/project/node_modules/next/dist/compiled/next-server/app-page.runtime.dev.js:35:269809)
    at eJ (/Users/romanmensikov/basteestate/project/node_modules/next/dist/compiled/next-server/app-page.runtime.dev.js:35:275773)
    at eR (/Users/romanmensikov/basteestate/project/node_modules/next/dist/compiled/next-server/app-page.runtime.dev.js:35:266017)
    at eC (/Users/romanmensikov/basteestate/project/node_modules/next/dist/compiled/next-server/app-page.runtime.dev.js:35:265059)
    at e (/Users/romanmensikov/basteestate/project/node_modules/next/dist/compiled/next-server/app-page.runtime.dev.js:35:269321)
    at eL (/Users/romanmensikov/basteestate/project/node_modules/next/dist/compiled/next-server/app-page.runtime.dev.js:35:269809)
    at /Users/romanmensikov/basteestate/project/node_modules/next/dist/compiled/next-server/app-page.runtime.dev.js:35:267040
    at Array.toJSON (/Users/romanmensikov/basteestate/project/node_modules/next/dist/compiled/next-server/app-page.runtime.dev.js:35:267504)
    at stringify (<anonymous>)
    at eJ (/Users/romanmensikov/basteestate/project/node_modules/next/dist/compiled/next-server/app-page.runtime.dev.js:35:275872)
    at eR (/Users/romanmensikov/basteestate/project/node_modules/next/dist/compiled/next-server/app-page.runtime.dev.js:35:266017)
    at eC (/Users/romanmensikov/basteestate/project/node_modules/next/dist/compiled/next-server/app-page.runtime.dev.js:35:265059)
    at e (/Users/romanmensikov/basteestate/project/node_modules/next/dist/compiled/next-server/app-page.runtime.dev.js:35:269321)
    at eL (/Users/romanmensikov/basteestate/project/node_modules/next/dist/compiled/next-server/app-page.runtime.dev.js:35:269809)
    at /Users/romanmensikov/basteestate/project/node_modules/next/dist/compiled/next-server/app-page.runtime.dev.js:35:267040
    at Array.toJSON (/Users/romanmensikov/basteestate/project/node_modules/next/dist/compiled/next-server/app-page.runtime.dev.js:35:267504)
    at stringify (<anonymous>)
    at eJ (/Users/romanmensikov/basteestate/project/node_modules/next/dist/compiled/next-server/app-page.runtime.dev.js:35:275872)
    at eV (/Users/romanmensikov/basteestate/project/node_modules/next/dist/compiled/next-server/app-page.runtime.dev.js:35:276390)
    at AsyncLocalStorage.run (node:internal/async_local_storage/async_hooks:91:14)
    at Timeout._onTimeout (/Users/romanmensikov/basteestate/project/node_modules/next/dist/compiled/next-server/app-page.runtime.dev.js:35:284753)
    at listOnTimeout (node:internal/timers:585:17)
    at process.processTimers (node:internal/timers:521:7)
[  100213ms] [ERROR] The above error occurred in the <NotFoundErrorBoundary> component:

    at div
    at div
    at div
    at main
    at Page (Server)
    at InnerLayoutRouter (webpack-internal:///(app-pages-browser)/./node_modules/next/dist/client/components/layout-router.js:243:11)
    at RedirectErrorBoundary (webpack-internal:///(app-pages-browser)/./node_modules/next/dist/client/components/redirect-boundary.js:74:9)
    at RedirectBoundary (webpack-internal:///(app-pages-browser)/./node_modules/next/dist/client/components/redirect-boundary.js:82:11)
    at NotFoundBoundary (webpack-internal:///(app-pages-browser)/./node_modules/next/dist/client/components/not-found-boundary.js:84:11)
    at LoadingBoundary (webpack-internal:///(app-pages-browser)/./node_modules/next/dist/client/components/layout-router.js:349:11)
    at ErrorBoundary (webpack-internal:///(app-pages-browser)/./node_modules/next/dist/client/components/error-boundary.js:160:11)
    at InnerScrollAndFocusHandler (webpack-internal:///(app-pages-browser)/./node_modules/next/dist/client/components/layout-router.js:153:9)
    at ScrollAndFocusHandler (webpack-internal:///(app-pages-browser)/./node_modules/next/dist/client/components/layout-router.js:228:11)
    at RenderFromTemplateContext (webpack-internal:///(app-pages-browser)/./node_modules/next/dist/client/components/render-from-template-context.js:16:44)
    at OuterLayoutRouter (webpack-internal:///(app-pages-browser)/./node_modules/next/dist/client/components/layout-router.js:370:11)
    at InnerLayoutRouter (webpack-internal:///(app-pages-browser)/./node_modules/next/dist/client/components/layout-router.js:243:11)
    at RedirectErrorBoundary (webpack-internal:///(app-pages-browser)/./node_modules/next/dist/client/components/redirect-boundary.js:74:9)
    at RedirectBoundary (webpack-internal:///(app-pages-browser)/./node_modules/next/dist/client/components/redirect-boundary.js:82:11)
    at NotFoundErrorBoundary (webpack-internal:///(app-pages-browser)/./node_modules/next/dist/client/components/not-found-boundary.js:76:9)
    at NotFoundBoundary (webpack-internal:///(app-pages-browser)/./node_modules/next/dist/client/components/not-found-boundary.js:84:11)
    at LoadingBoundary (webpack-internal:///(app-pages-browser)/./node_modules/next/dist/client/components/layout-router.js:349:11)
    at ErrorBoundary (webpack-internal:///(app-pages-browser)/./node_modules/next/dist/client/components/error-boundary.js:160:11)
    at InnerScrollAndFocusHandler (webpack-internal:///(app-pages-browser)/./node_modules/next/dist/client/components/layout-router.js:153:9)
    at ScrollAndFocusHandler (webpack-internal:///(app-pages-browser)/./node_modules/next/dist/client/components/layout-router.js:228:11)
    at RenderFromTemplateContext (webpack-internal:///(app-pages-browser)/./node_modules/next/dist/client/components/render-from-template-context.js:16:44)
    at OuterLayoutRouter (webpack-internal:///(app-pages-browser)/./node_modules/next/dist/client/components/layout-router.js:370:11)
    at body
    at html
    at RootLayout (Server)
    at RedirectErrorBoundary (webpack-internal:///(app-pages-browser)/./node_modules/next/dist/client/components/redirect-boundary.js:74:9)
    at RedirectBoundary (webpack-internal:///(app-pages-browser)/./node_modules/next/dist/client/components/redirect-boundary.js:82:11)
    at NotFoundErrorBoundary (webpack-internal:///(app-pages-browser)/./node_modules/next/dist/client/components/not-found-boundary.js:76:9)
    at NotFoundBoundary (webpack-internal:///(app-pages-browser)/./node_modules/next/dist/client/components/not-found-boundary.js:84:11)
    at DevRootNotFoundBoundary (webpack-internal:///(app-pages-browser)/./node_modules/next/dist/client/components/dev-root-not-found-boundary.js:33:11)
    at ReactDevOverlay (webpack-internal:///(app-pages-browser)/./node_modules/next/dist/client/components/react-dev-overlay/app/ReactDevOverlay.js:87:9)
    at HotReload (webpack-internal:///(app-pages-browser)/./node_modules/next/dist/client/components/react-dev-overlay/app/hot-reloader-client.js:321:11)
    at Router (webpack-internal:///(app-pages-browser)/./node_modules/next/dist/client/components/app-router.js:207:11)
    at ErrorBoundaryHandler (webpack-internal:///(app-pages-browser)/./node_modules/next/dist/client/components/error-boundary.js:113:9)
    at ErrorBoundary (webpack-internal:///(app-pages-browser)/./node_modules/next/dist/client/components/error-boundary.js:160:11)
    at AppRouter (webpack-internal:///(app-pages-browser)/./node_modules/next/dist/client/components/app-router.js:585:13)
    at ServerRoot (webpack-internal:///(app-pages-browser)/./node_modules/next/dist/client/app-index.js:112:27)
    at Root (webpack-internal:///(app-pages-browser)/./node_modules/next/dist/client/app-index.js:117:11)

React will try to recreate this component tree from scratch using the error boundary you provided, ReactDevOverlay. @ webpack-internal:///(app-pages-browser)/./node_modules/next/dist/client/app-index.js:32
[  103360ms] [WARNING] The resource http://localhost:3000/_next/static/css/app/layout.css?v=1783445599585 was preloaded using link preload but not used within a few seconds from the window's load event. Please make sure it has an appropriate `as` value and it is preloaded intentionally. @ http://localhost:3000/app-screens/:0
[  107826ms] [LOG] [Fast Refresh] rebuilding @ webpack-internal:///(app-pages-browser)/./node_modules/next/dist/client/components/react-dev-overlay/app/hot-reloader-client.js:186
[  108098ms] [WARNING] [Fast Refresh] performing full reload because your application had an unrecoverable error @ webpack-internal:///(app-pages-browser)/./node_modules/next/dist/client/components/react-dev-overlay/app/hot-reloader-client.js:114
[  108619ms] [INFO] %cDownload the React DevTools for a better development experience: https://reactjs.org/link/react-devtools font-weight:bold @ webpack-internal:///(app-pages-browser)/./node_modules/next/dist/compiled/react-dom/cjs/react-dom.development.js:38559
[  108681ms] [WARNING] Image with src "/images/verification-house.png" was detected as the Largest Contentful Paint (LCP). Please add the "priority" property if this image is above the fold.
Read more: https://nextjs.org/docs/api-reference/next/image#priority @ webpack-internal:///(app-pages-browser)/./node_modules/next/dist/shared/lib/utils/warn-once.js:15
